../Core/Src/main.c:70:13:Test_SendStatus	16	static
../Core/Src/main.c:75:13:Test_SendUsbStatus	16	static
../Core/Src/main.c:79:13:Test_SendPingIfDue	24	static
../Core/Src/main.c:89:13:Test_HandleUartRx	24	static
../Core/Src/main.c:115:13:Test_PlayAudioClipIfDue	16	static
../Core/Src/main.c:122:13:Test_PlayAudioClip	272	static
../Core/Src/main.c:151:5:main	32	static
../Core/Src/main.c:257:6:SystemClock_Config	104	static
../Core/Src/main.c:308:13:MX_I2S2_Init	8	static
../Core/Src/main.c:339:13:MX_USART1_UART_Init	8	static
../Core/Src/main.c:369:13:MX_GPIO_Init	40	static
../Core/Src/main.c:409:6:Error_Handler	4	static,ignoring_inline_asm
